// Jest Snapshot v1, https://goo.gl/fbAQLP

exports[`<AboutScreen /> Renders correctly 1`] = `
<Styled(Container)
  style={
    Object {
      "alignItems": "center",
      "flex": 1,
    }
  }
>
  <Styled(Content)
    style={
      Object {
        "paddingTop": 30,
      }
    }
  >
    <Styled(H1)>
      Build version: 
    </Styled(H1)>
  </Styled(Content)>
</Styled(Container)>
`;
