// Jest Snapshot v1, https://goo.gl/fbAQLP

exports[`<Home /> Should render correctly 1`] = `
<Styled(Container)>
  <Styled(Content)>
    <Styled(List)
      testID="stocks-home-list"
    >
      <StockCard
        data={
          Object {
            "change": -1.69,
            "changePercent": -1.361,
            "companyName": "International Business Machines Corp.",
            "currency": "USD",
            "fetching": false,
            "price": 122.47,
            "symbol": "IBM",
          }
        }
        key="stock-quote-trim-IBM"
      />
      <StockCard
        data={
          Object {
            "change": -2.18,
            "changePercent": -0.62,
            "companyName": "Apple, Inc.",
            "currency": "USD",
            "fetching": false,
            "price": 349.55,
            "symbol": "AAPL",
          }
        }
        key="stock-quote-trim-AAPL"
      />
      <StockCard
        data={
          Object {
            "change": 17.44,
            "changePercent": 2.02,
            "companyName": "Shopify, Inc.",
            "currency": "USD",
            "fetching": false,
            "price": 881,
            "symbol": "SHOP",
          }
        }
        key="stock-quote-trim-SHOP"
      />
    </Styled(List)>
  </Styled(Content)>
</Styled(Container)>
`;
