// Jest Snapshot v1, https://goo.gl/fbAQLP

exports[`<App /> Renders as expected 1`] = `
<Provider
  store={
    Object {
      "dispatch": [Function],
      "getState": [Function],
      "replaceReducer": [Function],
      "subscribe": [Function],
      Symbol(observable): [Function],
    }
  }
>
  <ForwardRef(NavigationContainer)>
    <Component />
  </ForwardRef(NavigationContainer)>
</Provider>
`;
